2025-12-02 08:39:35,064 - sunrasterscan - INFO - ========================
2025-12-02 08:39:35,064 - sunrasterscan - INFO - Starting coarse sun scan
2025-12-02 08:39:35,064 - sunrasterscan - INFO - Azi range: (133.4534795905373, 153.4534795905373)
2025-12-02 08:39:35,064 - sunrasterscan - INFO - Ele range: (3.345393067392962, 23.345393067392962)
2025-12-02 08:39:35,064 - sunrasterscan - INFO - Nb sampling points: 1681
2025-12-02 08:39:35,064 - sunrasterscan - INFO - Estimated scan time:  21.012 min
2025-12-02 08:39:35,330 - sunrasterscan - INFO - 0% done
2025-12-02 08:39:47,399 - sunrasterscan - INFO - 0% done
2025-12-02 08:39:59,466 - sunrasterscan - INFO - 1% done
2025-12-02 08:40:11,527 - sunrasterscan - INFO - 2% done
2025-12-02 08:40:23,588 - sunrasterscan - INFO - 3% done
2025-12-02 08:40:35,649 - sunrasterscan - INFO - 4% done
2025-12-02 08:40:47,718 - sunrasterscan - INFO - 5% done
2025-12-02 08:40:59,777 - sunrasterscan - INFO - 6% done
2025-12-02 08:41:11,835 - sunrasterscan - INFO - 7% done
2025-12-02 08:41:23,896 - sunrasterscan - INFO - 8% done
2025-12-02 08:41:35,956 - sunrasterscan - INFO - 9% done
2025-12-02 08:41:48,012 - sunrasterscan - INFO - 10% done
2025-12-02 08:42:00,082 - sunrasterscan - INFO - 11% done
2025-12-02 08:42:12,144 - sunrasterscan - INFO - 12% done
2025-12-02 08:42:24,205 - sunrasterscan - INFO - 13% done
2025-12-02 08:42:36,270 - sunrasterscan - INFO - 14% done
2025-12-02 08:42:48,331 - sunrasterscan - INFO - 15% done
2025-12-02 08:43:00,394 - sunrasterscan - INFO - 16% done
2025-12-02 08:43:12,456 - sunrasterscan - INFO - 17% done
2025-12-02 08:43:24,518 - sunrasterscan - INFO - 18% done
2025-12-02 08:43:36,586 - sunrasterscan - INFO - 19% done
2025-12-02 08:43:48,646 - sunrasterscan - INFO - 19% done
2025-12-02 08:44:00,703 - sunrasterscan - INFO - 20% done
2025-12-02 08:44:12,769 - sunrasterscan - INFO - 21% done
2025-12-02 08:44:24,827 - sunrasterscan - INFO - 22% done
2025-12-02 08:44:36,888 - sunrasterscan - INFO - 23% done
2025-12-02 08:44:48,951 - sunrasterscan - INFO - 24% done
2025-12-02 08:45:01,009 - sunrasterscan - INFO - 25% done
2025-12-02 08:45:13,078 - sunrasterscan - INFO - 26% done
2025-12-02 08:45:25,139 - sunrasterscan - INFO - 27% done
2025-12-02 08:45:37,203 - sunrasterscan - INFO - 28% done
2025-12-02 08:45:49,262 - sunrasterscan - INFO - 29% done
2025-12-02 08:46:01,323 - sunrasterscan - INFO - 30% done
2025-12-02 08:46:13,385 - sunrasterscan - INFO - 31% done
2025-12-02 08:46:25,448 - sunrasterscan - INFO - 32% done
2025-12-02 08:46:37,512 - sunrasterscan - INFO - 33% done
2025-12-02 08:46:49,582 - sunrasterscan - INFO - 34% done
2025-12-02 08:47:01,641 - sunrasterscan - INFO - 35% done
2025-12-02 08:47:13,698 - sunrasterscan - INFO - 36% done
2025-12-02 08:47:25,770 - sunrasterscan - INFO - 37% done
2025-12-02 08:47:37,830 - sunrasterscan - INFO - 38% done
2025-12-02 08:47:49,888 - sunrasterscan - INFO - 39% done
2025-12-02 08:48:01,945 - sunrasterscan - INFO - 39% done
2025-12-02 08:48:14,003 - sunrasterscan - INFO - 40% done
2025-12-02 08:48:26,063 - sunrasterscan - INFO - 41% done
2025-12-02 08:48:38,131 - sunrasterscan - INFO - 42% done
2025-12-02 08:48:50,190 - sunrasterscan - INFO - 43% done
2025-12-02 08:49:02,250 - sunrasterscan - INFO - 44% done
2025-12-02 08:49:14,309 - sunrasterscan - INFO - 45% done
2025-12-02 08:49:26,369 - sunrasterscan - INFO - 46% done
2025-12-02 08:49:38,439 - sunrasterscan - INFO - 47% done
2025-12-02 08:49:50,497 - sunrasterscan - INFO - 48% done
2025-12-02 08:50:02,556 - sunrasterscan - INFO - 49% done
2025-12-02 08:50:14,626 - sunrasterscan - INFO - 50% done
2025-12-02 08:50:26,696 - sunrasterscan - INFO - 51% done
2025-12-02 08:50:38,761 - sunrasterscan - INFO - 52% done
2025-12-02 08:50:50,837 - sunrasterscan - INFO - 53% done
2025-12-02 08:51:02,898 - sunrasterscan - INFO - 54% done
2025-12-02 08:51:14,961 - sunrasterscan - INFO - 55% done
2025-12-02 08:51:27,024 - sunrasterscan - INFO - 56% done
2025-12-02 08:51:39,086 - sunrasterscan - INFO - 57% done
2025-12-02 08:51:51,147 - sunrasterscan - INFO - 58% done
2025-12-02 08:52:03,216 - sunrasterscan - INFO - 59% done
2025-12-02 08:52:15,275 - sunrasterscan - INFO - 59% done
2025-12-02 08:52:27,333 - sunrasterscan - INFO - 60% done
2025-12-02 08:52:39,392 - sunrasterscan - INFO - 61% done
2025-12-02 08:52:51,451 - sunrasterscan - INFO - 62% done
2025-12-02 08:53:03,531 - sunrasterscan - INFO - 63% done
2025-12-02 08:53:15,593 - sunrasterscan - INFO - 64% done
2025-12-02 08:53:27,657 - sunrasterscan - INFO - 65% done
2025-12-02 08:53:39,719 - sunrasterscan - INFO - 66% done
2025-12-02 08:53:51,780 - sunrasterscan - INFO - 67% done
2025-12-02 08:54:03,851 - sunrasterscan - INFO - 68% done
2025-12-02 08:54:15,924 - sunrasterscan - INFO - 69% done
2025-12-02 08:54:27,989 - sunrasterscan - INFO - 70% done
2025-12-02 08:54:40,048 - sunrasterscan - INFO - 71% done
2025-12-02 08:54:52,107 - sunrasterscan - INFO - 72% done
2025-12-02 08:55:04,168 - sunrasterscan - INFO - 73% done
2025-12-02 08:55:16,229 - sunrasterscan - INFO - 74% done
2025-12-02 08:55:28,290 - sunrasterscan - INFO - 75% done
2025-12-02 08:55:40,355 - sunrasterscan - INFO - 76% done
2025-12-02 08:55:52,417 - sunrasterscan - INFO - 77% done
2025-12-02 08:56:04,479 - sunrasterscan - INFO - 78% done
2025-12-02 08:56:16,542 - sunrasterscan - INFO - 79% done
2025-12-02 08:56:28,614 - sunrasterscan - INFO - 79% done
2025-12-02 08:56:40,676 - sunrasterscan - INFO - 80% done
2025-12-02 08:56:52,738 - sunrasterscan - INFO - 81% done
2025-12-02 08:57:04,810 - sunrasterscan - INFO - 82% done
2025-12-02 08:57:16,873 - sunrasterscan - INFO - 83% done
2025-12-02 08:57:28,934 - sunrasterscan - INFO - 84% done
2025-12-02 08:57:41,008 - sunrasterscan - INFO - 85% done
2025-12-02 08:57:53,073 - sunrasterscan - INFO - 86% done
2025-12-02 08:58:05,148 - sunrasterscan - INFO - 87% done
2025-12-02 08:58:17,213 - sunrasterscan - INFO - 88% done
2025-12-02 08:58:29,274 - sunrasterscan - INFO - 89% done
2025-12-02 08:58:41,337 - sunrasterscan - INFO - 90% done
2025-12-02 08:58:53,396 - sunrasterscan - INFO - 91% done
2025-12-02 08:59:05,460 - sunrasterscan - INFO - 92% done
2025-12-02 08:59:17,521 - sunrasterscan - INFO - 93% done
2025-12-02 08:59:29,591 - sunrasterscan - INFO - 94% done
2025-12-02 08:59:41,652 - sunrasterscan - INFO - 95% done
2025-12-02 08:59:53,713 - sunrasterscan - INFO - 96% done
2025-12-02 09:00:05,782 - sunrasterscan - INFO - 97% done
2025-12-02 09:00:17,847 - sunrasterscan - INFO - 98% done
2025-12-02 09:00:29,908 - sunrasterscan - INFO - 98% done
2025-12-02 09:00:41,968 - sunrasterscan - INFO - 99% done
2025-12-02 09:00:42,470 - sunrasterscan - INFO - Finished coarse sun scan
2025-12-02 09:00:42,470 - sunrasterscan - INFO - Closing tracker
2025-12-02 09:00:42,476 - sunrasterscan - INFO - Serial connection closed.
2025-12-02 09:00:42,477 - sunrasterscan - INFO - ========================
2025-12-02 10:23:50,323 - sunrasterscan - INFO - ========================
2025-12-02 10:23:50,323 - sunrasterscan - INFO - Starting coarse sun scan
2025-12-02 10:23:50,324 - sunrasterscan - INFO - Azi range: (157.48040486410636, 177.48040486410636)
2025-12-02 10:23:50,324 - sunrasterscan - INFO - Ele range: (10.851546422768013, 30.851546422768013)
2025-12-02 10:23:50,324 - sunrasterscan - INFO - Nb sampling points: 1681
2025-12-02 10:23:50,324 - sunrasterscan - INFO - Estimated scan time:  21.012 min
2025-12-02 10:23:50,578 - sunrasterscan - INFO - 0% done
2025-12-02 10:24:02,648 - sunrasterscan - INFO - 0% done
2025-12-02 10:25:02,168 - sunrasterscan - INFO - ========================
2025-12-02 10:25:02,169 - sunrasterscan - INFO - Starting coarse sun scan
2025-12-02 10:25:02,169 - sunrasterscan - INFO - Azi range: (157.77415763993028, 177.77415763993028)
2025-12-02 10:25:02,169 - sunrasterscan - INFO - Ele range: (10.895930699542046, 30.895930699542046)
2025-12-02 10:25:02,169 - sunrasterscan - INFO - Nb sampling points: 1681
2025-12-02 10:25:02,169 - sunrasterscan - INFO - Estimated scan time:  21.012 min
2025-12-02 10:25:02,421 - sunrasterscan - INFO - 0% done
2025-12-02 10:25:14,478 - sunrasterscan - INFO - 0% done
2025-12-02 10:25:26,525 - sunrasterscan - INFO - 1% done
2025-12-02 10:25:38,573 - sunrasterscan - INFO - 2% done
2025-12-02 10:25:50,628 - sunrasterscan - INFO - 3% done
2025-12-02 10:26:02,686 - sunrasterscan - INFO - 4% done
2025-12-02 10:26:14,751 - sunrasterscan - INFO - 5% done
2025-12-02 10:26:26,811 - sunrasterscan - INFO - 6% done
2025-12-02 10:26:38,869 - sunrasterscan - INFO - 7% done
2025-12-02 10:26:50,933 - sunrasterscan - INFO - 8% done
2025-12-02 10:27:02,994 - sunrasterscan - INFO - 9% done
2025-12-02 10:27:15,054 - sunrasterscan - INFO - 10% done
2025-12-02 10:27:27,112 - sunrasterscan - INFO - 11% done
2025-12-02 10:27:39,171 - sunrasterscan - INFO - 12% done
2025-12-02 10:27:51,232 - sunrasterscan - INFO - 13% done
2025-12-02 10:28:03,289 - sunrasterscan - INFO - 14% done
2025-12-02 10:28:15,347 - sunrasterscan - INFO - 15% done
2025-12-02 10:28:27,405 - sunrasterscan - INFO - 16% done
2025-12-02 10:28:39,469 - sunrasterscan - INFO - 17% done
2025-12-02 10:28:51,526 - sunrasterscan - INFO - 18% done
2025-12-02 10:29:03,583 - sunrasterscan - INFO - 19% done
2025-12-02 10:29:15,640 - sunrasterscan - INFO - 19% done
2025-12-02 10:29:27,702 - sunrasterscan - INFO - 20% done
2025-12-02 10:29:39,761 - sunrasterscan - INFO - 21% done
2025-12-02 10:29:51,821 - sunrasterscan - INFO - 22% done
2025-12-02 10:30:03,881 - sunrasterscan - INFO - 23% done
2025-12-02 10:30:15,942 - sunrasterscan - INFO - 24% done
2025-12-02 10:30:28,002 - sunrasterscan - INFO - 25% done
2025-12-02 10:30:40,061 - sunrasterscan - INFO - 26% done
2025-12-02 10:30:52,125 - sunrasterscan - INFO - 27% done
2025-12-02 10:31:04,184 - sunrasterscan - INFO - 28% done
2025-12-02 10:31:16,239 - sunrasterscan - INFO - 29% done
2025-12-02 10:31:28,299 - sunrasterscan - INFO - 30% done
2025-12-02 10:31:40,358 - sunrasterscan - INFO - 31% done
2025-12-02 10:31:52,414 - sunrasterscan - INFO - 32% done
2025-12-02 10:32:04,474 - sunrasterscan - INFO - 33% done
2025-12-02 10:32:16,535 - sunrasterscan - INFO - 34% done
2025-12-02 10:32:28,597 - sunrasterscan - INFO - 35% done
2025-12-02 10:32:40,659 - sunrasterscan - INFO - 36% done
2025-12-02 10:32:52,719 - sunrasterscan - INFO - 37% done
2025-12-02 10:33:04,773 - sunrasterscan - INFO - 38% done
2025-12-02 10:33:16,817 - sunrasterscan - INFO - 39% done
2025-12-02 10:33:28,862 - sunrasterscan - INFO - 39% done
2025-12-02 10:33:40,910 - sunrasterscan - INFO - 40% done
2025-12-02 10:33:52,962 - sunrasterscan - INFO - 41% done
2025-12-02 10:34:05,011 - sunrasterscan - INFO - 42% done
2025-12-02 10:34:17,058 - sunrasterscan - INFO - 43% done
2025-12-02 10:34:29,119 - sunrasterscan - INFO - 44% done
2025-12-02 10:34:41,175 - sunrasterscan - INFO - 45% done
2025-12-02 10:34:53,231 - sunrasterscan - INFO - 46% done
2025-12-02 10:35:05,283 - sunrasterscan - INFO - 47% done
2025-12-02 10:35:17,342 - sunrasterscan - INFO - 48% done
2025-12-02 10:35:29,395 - sunrasterscan - INFO - 49% done
2025-12-02 10:35:41,451 - sunrasterscan - INFO - 50% done
2025-12-02 10:35:53,505 - sunrasterscan - INFO - 51% done
2025-12-02 10:36:05,561 - sunrasterscan - INFO - 52% done
2025-12-02 10:36:17,618 - sunrasterscan - INFO - 53% done
2025-12-02 10:36:29,679 - sunrasterscan - INFO - 54% done
2025-12-02 10:36:41,746 - sunrasterscan - INFO - 55% done
2025-12-02 10:36:53,805 - sunrasterscan - INFO - 56% done
2025-12-02 10:37:05,863 - sunrasterscan - INFO - 57% done
2025-12-02 10:37:17,920 - sunrasterscan - INFO - 58% done
2025-12-02 10:37:29,979 - sunrasterscan - INFO - 59% done
2025-12-02 10:37:42,040 - sunrasterscan - INFO - 59% done
2025-12-02 10:37:54,100 - sunrasterscan - INFO - 60% done
2025-12-02 10:38:06,158 - sunrasterscan - INFO - 61% done
2025-12-02 10:38:18,222 - sunrasterscan - INFO - 62% done
2025-12-02 10:38:30,276 - sunrasterscan - INFO - 63% done
2025-12-02 10:38:42,338 - sunrasterscan - INFO - 64% done
2025-12-02 10:38:54,401 - sunrasterscan - INFO - 65% done
2025-12-02 10:39:06,463 - sunrasterscan - INFO - 66% done
2025-12-02 10:39:18,519 - sunrasterscan - INFO - 67% done
2025-12-02 10:39:30,577 - sunrasterscan - INFO - 68% done
2025-12-02 10:39:42,633 - sunrasterscan - INFO - 69% done
2025-12-02 10:39:54,694 - sunrasterscan - INFO - 70% done
2025-12-02 10:40:06,752 - sunrasterscan - INFO - 71% done
2025-12-02 10:40:18,811 - sunrasterscan - INFO - 72% done
2025-12-02 10:40:30,865 - sunrasterscan - INFO - 73% done
2025-12-02 10:40:42,929 - sunrasterscan - INFO - 74% done
2025-12-02 10:40:54,985 - sunrasterscan - INFO - 75% done
2025-12-02 10:41:07,046 - sunrasterscan - INFO - 76% done
2025-12-02 10:41:19,105 - sunrasterscan - INFO - 77% done
2025-12-02 10:41:31,167 - sunrasterscan - INFO - 78% done
2025-12-02 10:41:43,229 - sunrasterscan - INFO - 79% done
2025-12-02 10:41:55,289 - sunrasterscan - INFO - 79% done
2025-12-02 10:42:07,344 - sunrasterscan - INFO - 80% done
2025-12-02 10:42:19,403 - sunrasterscan - INFO - 81% done
2025-12-02 10:42:31,462 - sunrasterscan - INFO - 82% done
2025-12-02 10:42:43,518 - sunrasterscan - INFO - 83% done
2025-12-02 10:42:55,577 - sunrasterscan - INFO - 84% done
2025-12-02 10:43:07,631 - sunrasterscan - INFO - 85% done
2025-12-02 10:43:19,694 - sunrasterscan - INFO - 86% done
2025-12-02 10:43:31,752 - sunrasterscan - INFO - 87% done
2025-12-02 10:43:43,813 - sunrasterscan - INFO - 88% done
2025-12-02 10:43:55,871 - sunrasterscan - INFO - 89% done
2025-12-02 10:44:07,932 - sunrasterscan - INFO - 90% done
2025-12-02 10:44:19,996 - sunrasterscan - INFO - 91% done
2025-12-02 10:44:32,057 - sunrasterscan - INFO - 92% done
2025-12-02 10:44:44,118 - sunrasterscan - INFO - 93% done
2025-12-02 10:44:56,177 - sunrasterscan - INFO - 94% done
2025-12-02 10:45:08,240 - sunrasterscan - INFO - 95% done
2025-12-02 10:45:20,302 - sunrasterscan - INFO - 96% done
2025-12-02 10:45:32,363 - sunrasterscan - INFO - 97% done
2025-12-02 10:45:44,419 - sunrasterscan - INFO - 98% done
2025-12-02 10:45:56,480 - sunrasterscan - INFO - 98% done
2025-12-02 10:46:08,545 - sunrasterscan - INFO - 99% done
2025-12-02 10:46:09,046 - sunrasterscan - INFO - Finished coarse sun scan
2025-12-02 10:46:09,047 - sunrasterscan - INFO - Closing tracker
2025-12-02 10:46:09,052 - sunrasterscan - INFO - Serial connection closed.
2025-12-02 10:46:09,054 - sunrasterscan - INFO - ========================
2025-12-02 11:18:25,926 - sunrasterscan - INFO - ========================
2025-12-02 11:18:25,926 - sunrasterscan - INFO - Starting coarse sun scan
2025-12-02 11:18:25,927 - sunrasterscan - INFO - Azi range: (171.01886432744715, 191.01886432744715)
2025-12-02 11:18:25,927 - sunrasterscan - INFO - Ele range: (11.794042518790778, 31.79404251879078)
2025-12-02 11:18:25,927 - sunrasterscan - INFO - Nb sampling points: 1681
2025-12-02 11:18:25,927 - sunrasterscan - INFO - Estimated scan time:  21.012 min
2025-12-02 11:18:26,181 - sunrasterscan - INFO - 0% done
2025-12-02 11:18:38,254 - sunrasterscan - INFO - 0% done
2025-12-02 11:18:50,313 - sunrasterscan - INFO - 1% done
2025-12-02 11:19:02,379 - sunrasterscan - INFO - 2% done
2025-12-02 11:19:14,443 - sunrasterscan - INFO - 3% done
2025-12-02 11:19:26,503 - sunrasterscan - INFO - 4% done
2025-12-02 11:19:38,575 - sunrasterscan - INFO - 5% done
2025-12-02 11:19:50,636 - sunrasterscan - INFO - 6% done
2025-12-02 11:20:02,700 - sunrasterscan - INFO - 7% done
2025-12-02 11:20:14,768 - sunrasterscan - INFO - 8% done
2025-12-02 11:20:26,828 - sunrasterscan - INFO - 9% done
2025-12-02 11:20:38,887 - sunrasterscan - INFO - 10% done
2025-12-02 11:20:50,948 - sunrasterscan - INFO - 11% done
2025-12-02 11:21:03,009 - sunrasterscan - INFO - 12% done
2025-12-02 11:21:15,076 - sunrasterscan - INFO - 13% done
2025-12-02 11:21:27,140 - sunrasterscan - INFO - 14% done
2025-12-02 11:21:39,206 - sunrasterscan - INFO - 15% done
2025-12-02 11:21:51,272 - sunrasterscan - INFO - 16% done
2025-12-02 11:22:03,333 - sunrasterscan - INFO - 17% done
2025-12-02 11:22:15,393 - sunrasterscan - INFO - 18% done
2025-12-02 11:22:27,456 - sunrasterscan - INFO - 19% done
2025-12-02 11:22:39,529 - sunrasterscan - INFO - 19% done
2025-12-02 11:22:51,597 - sunrasterscan - INFO - 20% done
2025-12-02 11:23:03,653 - sunrasterscan - INFO - 21% done
2025-12-02 11:23:15,716 - sunrasterscan - INFO - 22% done
2025-12-02 11:23:27,781 - sunrasterscan - INFO - 23% done
2025-12-02 11:23:39,842 - sunrasterscan - INFO - 24% done
2025-12-02 11:23:51,903 - sunrasterscan - INFO - 25% done
2025-12-02 11:24:03,964 - sunrasterscan - INFO - 26% done
2025-12-02 11:24:16,028 - sunrasterscan - INFO - 27% done
2025-12-02 11:24:28,093 - sunrasterscan - INFO - 28% done
2025-12-02 11:24:40,155 - sunrasterscan - INFO - 29% done
2025-12-02 11:24:52,215 - sunrasterscan - INFO - 30% done
2025-12-02 11:25:04,278 - sunrasterscan - INFO - 31% done
2025-12-02 11:25:16,341 - sunrasterscan - INFO - 32% done
2025-12-02 11:25:28,405 - sunrasterscan - INFO - 33% done
2025-12-02 11:25:40,471 - sunrasterscan - INFO - 34% done
2025-12-02 11:25:52,534 - sunrasterscan - INFO - 35% done
2025-12-02 11:26:04,597 - sunrasterscan - INFO - 36% done
2025-12-02 11:26:16,658 - sunrasterscan - INFO - 37% done
2025-12-02 11:26:28,718 - sunrasterscan - INFO - 38% done
2025-12-02 11:26:40,782 - sunrasterscan - INFO - 39% done
2025-12-02 11:26:52,846 - sunrasterscan - INFO - 39% done
2025-12-02 11:27:04,914 - sunrasterscan - INFO - 40% done
2025-12-02 11:27:16,975 - sunrasterscan - INFO - 41% done
2025-12-02 11:27:29,045 - sunrasterscan - INFO - 42% done
2025-12-02 11:27:41,108 - sunrasterscan - INFO - 43% done
2025-12-02 11:27:53,173 - sunrasterscan - INFO - 44% done
2025-12-02 11:28:05,238 - sunrasterscan - INFO - 45% done
2025-12-02 11:28:17,301 - sunrasterscan - INFO - 46% done
2025-12-02 11:28:29,361 - sunrasterscan - INFO - 47% done
2025-12-02 11:28:41,433 - sunrasterscan - INFO - 48% done
2025-12-02 11:28:53,498 - sunrasterscan - INFO - 49% done
2025-12-02 11:29:05,564 - sunrasterscan - INFO - 50% done
2025-12-02 11:29:17,632 - sunrasterscan - INFO - 51% done
2025-12-02 11:29:29,694 - sunrasterscan - INFO - 52% done
2025-12-02 11:29:41,754 - sunrasterscan - INFO - 53% done
2025-12-02 11:29:53,828 - sunrasterscan - INFO - 54% done
2025-12-02 11:30:05,888 - sunrasterscan - INFO - 55% done
2025-12-02 11:30:17,953 - sunrasterscan - INFO - 56% done
2025-12-02 11:30:30,033 - sunrasterscan - INFO - 57% done
2025-12-02 11:30:42,099 - sunrasterscan - INFO - 58% done
2025-12-02 11:30:54,166 - sunrasterscan - INFO - 59% done
2025-12-02 11:31:06,229 - sunrasterscan - INFO - 59% done
2025-12-02 11:31:18,287 - sunrasterscan - INFO - 60% done
2025-12-02 11:31:30,351 - sunrasterscan - INFO - 61% done
2025-12-02 11:31:42,421 - sunrasterscan - INFO - 62% done
2025-12-02 11:31:54,484 - sunrasterscan - INFO - 63% done
2025-12-02 11:32:06,547 - sunrasterscan - INFO - 64% done
2025-12-02 11:32:18,613 - sunrasterscan - INFO - 65% done
2025-12-02 11:32:30,678 - sunrasterscan - INFO - 66% done
2025-12-02 11:32:42,742 - sunrasterscan - INFO - 67% done
2025-12-02 11:32:54,810 - sunrasterscan - INFO - 68% done
2025-12-02 11:33:06,876 - sunrasterscan - INFO - 69% done
2025-12-02 11:33:18,954 - sunrasterscan - INFO - 70% done
2025-12-02 11:33:31,017 - sunrasterscan - INFO - 71% done
2025-12-02 11:33:43,078 - sunrasterscan - INFO - 72% done
2025-12-02 11:33:55,142 - sunrasterscan - INFO - 73% done
2025-12-02 11:34:07,210 - sunrasterscan - INFO - 74% done
2025-12-02 11:34:19,286 - sunrasterscan - INFO - 75% done
2025-12-02 11:34:31,346 - sunrasterscan - INFO - 76% done
2025-12-02 11:34:43,412 - sunrasterscan - INFO - 77% done
2025-12-02 11:34:55,474 - sunrasterscan - INFO - 78% done
2025-12-02 11:35:07,538 - sunrasterscan - INFO - 79% done
2025-12-02 11:35:19,604 - sunrasterscan - INFO - 79% done
2025-12-02 11:35:31,665 - sunrasterscan - INFO - 80% done
2025-12-02 11:35:43,724 - sunrasterscan - INFO - 81% done
2025-12-02 11:35:55,787 - sunrasterscan - INFO - 82% done
2025-12-02 11:36:07,851 - sunrasterscan - INFO - 83% done
2025-12-02 11:36:19,912 - sunrasterscan - INFO - 84% done
2025-12-02 11:36:31,973 - sunrasterscan - INFO - 85% done
2025-12-02 11:36:44,029 - sunrasterscan - INFO - 86% done
2025-12-02 11:36:56,102 - sunrasterscan - INFO - 87% done
2025-12-02 11:37:08,167 - sunrasterscan - INFO - 88% done
2025-12-02 11:37:20,229 - sunrasterscan - INFO - 89% done
2025-12-02 11:37:32,292 - sunrasterscan - INFO - 90% done
2025-12-02 11:37:44,354 - sunrasterscan - INFO - 91% done
2025-12-02 11:37:56,418 - sunrasterscan - INFO - 92% done
2025-12-02 11:38:08,477 - sunrasterscan - INFO - 93% done
2025-12-02 11:38:20,539 - sunrasterscan - INFO - 94% done
2025-12-02 11:38:32,602 - sunrasterscan - INFO - 95% done
2025-12-02 11:38:44,666 - sunrasterscan - INFO - 96% done
2025-12-02 11:38:56,728 - sunrasterscan - INFO - 97% done
2025-12-02 11:39:08,797 - sunrasterscan - INFO - 98% done
2025-12-02 11:39:20,859 - sunrasterscan - INFO - 98% done
2025-12-02 11:39:32,922 - sunrasterscan - INFO - 99% done
2025-12-02 11:39:33,422 - sunrasterscan - INFO - Finished coarse sun scan
2025-12-02 11:39:33,423 - sunrasterscan - INFO - Closing tracker
2025-12-02 11:39:33,430 - sunrasterscan - INFO - Serial connection closed.
2025-12-02 11:39:33,430 - sunrasterscan - INFO - ========================
2025-12-02 12:39:50,462 - sunrasterscan - INFO - ========================
2025-12-02 12:39:50,463 - sunrasterscan - INFO - Starting coarse sun scan
2025-12-02 12:39:50,463 - sunrasterscan - INFO - Azi sun: 200.94260809864437 deg
2025-12-02 12:39:50,463 - sunrasterscan - INFO - Ele sun: 19.093382305873153 deg
2025-12-02 12:39:50,463 - sunrasterscan - INFO - Azi scan range: (195.94260809864437, 205.94260809864437) deg
2025-12-02 12:39:50,463 - sunrasterscan - INFO - Ele scan range: (14.093382305873153, 24.093382305873153) deg
2025-12-02 12:39:50,463 - sunrasterscan - INFO - Nb sampling points: 441
2025-12-02 12:39:50,463 - sunrasterscan - INFO - Estimated scan time:  14.700 min
2025-12-02 12:39:51,465 - sunrasterscan - INFO - 0% done
2025-12-02 12:39:59,494 - sunrasterscan - INFO - 0% done
2025-12-02 12:40:07,509 - sunrasterscan - INFO - 1% done
2025-12-02 12:40:15,526 - sunrasterscan - INFO - 2% done
2025-12-02 12:40:23,542 - sunrasterscan - INFO - 3% done
2025-12-02 12:40:31,558 - sunrasterscan - INFO - 4% done
2025-12-02 12:40:39,575 - sunrasterscan - INFO - 5% done
2025-12-02 12:40:47,591 - sunrasterscan - INFO - 6% done
2025-12-02 12:40:55,608 - sunrasterscan - INFO - 7% done
2025-12-02 12:41:03,623 - sunrasterscan - INFO - 8% done
2025-12-02 12:41:11,638 - sunrasterscan - INFO - 9% done
2025-12-02 12:41:19,656 - sunrasterscan - INFO - 9% done
2025-12-02 12:41:27,672 - sunrasterscan - INFO - 10% done
2025-12-02 12:41:35,685 - sunrasterscan - INFO - 11% done
2025-12-02 12:41:43,702 - sunrasterscan - INFO - 12% done
2025-12-02 12:41:51,719 - sunrasterscan - INFO - 13% done
2025-12-02 12:41:59,734 - sunrasterscan - INFO - 14% done
2025-12-02 12:42:07,750 - sunrasterscan - INFO - 15% done
2025-12-02 12:42:15,767 - sunrasterscan - INFO - 16% done
2025-12-02 12:42:23,785 - sunrasterscan - INFO - 17% done
2025-12-02 12:42:31,801 - sunrasterscan - INFO - 18% done
2025-12-02 12:42:39,821 - sunrasterscan - INFO - 19% done
2025-12-02 12:42:47,837 - sunrasterscan - INFO - 19% done
2025-12-02 12:42:55,848 - sunrasterscan - INFO - 20% done
2025-12-02 12:43:03,863 - sunrasterscan - INFO - 21% done
2025-12-02 12:43:11,877 - sunrasterscan - INFO - 22% done
2025-12-02 12:43:19,892 - sunrasterscan - INFO - 23% done
2025-12-02 12:43:27,908 - sunrasterscan - INFO - 24% done
2025-12-02 12:43:35,925 - sunrasterscan - INFO - 25% done
2025-12-02 12:43:43,940 - sunrasterscan - INFO - 26% done
2025-12-02 12:43:51,955 - sunrasterscan - INFO - 27% done
2025-12-02 12:43:59,970 - sunrasterscan - INFO - 28% done
2025-12-02 12:44:07,986 - sunrasterscan - INFO - 29% done
2025-12-02 12:44:16,002 - sunrasterscan - INFO - 29% done
2025-12-02 12:44:24,018 - sunrasterscan - INFO - 30% done
2025-12-02 12:44:32,036 - sunrasterscan - INFO - 31% done
2025-12-02 12:44:40,051 - sunrasterscan - INFO - 32% done
2025-12-02 12:44:48,066 - sunrasterscan - INFO - 33% done
2025-12-02 12:44:56,081 - sunrasterscan - INFO - 34% done
2025-12-02 12:45:04,096 - sunrasterscan - INFO - 35% done
2025-12-02 12:45:12,112 - sunrasterscan - INFO - 36% done
2025-12-02 12:45:20,128 - sunrasterscan - INFO - 37% done
2025-12-02 12:45:28,144 - sunrasterscan - INFO - 38% done
2025-12-02 12:45:36,160 - sunrasterscan - INFO - 39% done
2025-12-02 12:45:44,176 - sunrasterscan - INFO - 39% done
2025-12-02 12:45:52,194 - sunrasterscan - INFO - 40% done
2025-12-02 12:46:00,211 - sunrasterscan - INFO - 41% done
2025-12-02 12:46:08,226 - sunrasterscan - INFO - 42% done
2025-12-02 12:46:16,243 - sunrasterscan - INFO - 43% done
2025-12-02 12:46:24,263 - sunrasterscan - INFO - 44% done
2025-12-02 12:46:32,278 - sunrasterscan - INFO - 45% done
2025-12-02 12:46:40,295 - sunrasterscan - INFO - 46% done
2025-12-02 12:46:48,310 - sunrasterscan - INFO - 47% done
2025-12-02 12:46:56,326 - sunrasterscan - INFO - 48% done
2025-12-02 12:47:04,342 - sunrasterscan - INFO - 48% done
2025-12-02 12:47:12,358 - sunrasterscan - INFO - 49% done
2025-12-02 12:47:20,374 - sunrasterscan - INFO - 50% done
2025-12-02 12:47:28,388 - sunrasterscan - INFO - 51% done
2025-12-02 12:47:36,403 - sunrasterscan - INFO - 52% done
2025-12-02 12:47:44,421 - sunrasterscan - INFO - 53% done
2025-12-02 12:47:52,437 - sunrasterscan - INFO - 54% done
2025-12-02 12:48:00,453 - sunrasterscan - INFO - 55% done
2025-12-02 12:48:08,466 - sunrasterscan - INFO - 56% done
2025-12-02 12:48:16,479 - sunrasterscan - INFO - 57% done
2025-12-02 12:48:24,495 - sunrasterscan - INFO - 58% done
2025-12-02 12:48:32,505 - sunrasterscan - INFO - 58% done
2025-12-02 12:48:40,521 - sunrasterscan - INFO - 59% done
2025-12-02 12:48:48,537 - sunrasterscan - INFO - 60% done
2025-12-02 12:48:56,553 - sunrasterscan - INFO - 61% done
2025-12-02 12:49:04,567 - sunrasterscan - INFO - 62% done
2025-12-02 12:49:12,586 - sunrasterscan - INFO - 63% done
2025-12-02 12:49:20,602 - sunrasterscan - INFO - 64% done
2025-12-02 12:49:28,619 - sunrasterscan - INFO - 65% done
2025-12-02 12:49:36,635 - sunrasterscan - INFO - 66% done
2025-12-02 12:49:44,651 - sunrasterscan - INFO - 67% done
2025-12-02 12:49:52,668 - sunrasterscan - INFO - 68% done
2025-12-02 12:50:00,681 - sunrasterscan - INFO - 68% done
2025-12-02 12:50:08,697 - sunrasterscan - INFO - 69% done
2025-12-02 12:50:16,714 - sunrasterscan - INFO - 70% done
2025-12-02 12:50:24,728 - sunrasterscan - INFO - 71% done
2025-12-02 12:50:32,742 - sunrasterscan - INFO - 72% done
2025-12-02 12:50:40,758 - sunrasterscan - INFO - 73% done
2025-12-02 12:50:48,773 - sunrasterscan - INFO - 74% done
2025-12-02 12:50:56,790 - sunrasterscan - INFO - 75% done
2025-12-02 12:51:04,805 - sunrasterscan - INFO - 76% done
2025-12-02 12:51:12,822 - sunrasterscan - INFO - 77% done
2025-12-02 12:51:20,837 - sunrasterscan - INFO - 78% done
2025-12-02 12:51:28,855 - sunrasterscan - INFO - 78% done
2025-12-02 12:51:36,870 - sunrasterscan - INFO - 79% done
2025-12-02 12:51:44,885 - sunrasterscan - INFO - 80% done
2025-12-02 12:51:52,901 - sunrasterscan - INFO - 81% done
2025-12-02 12:52:00,917 - sunrasterscan - INFO - 82% done
2025-12-02 12:52:08,935 - sunrasterscan - INFO - 83% done
2025-12-02 12:52:16,952 - sunrasterscan - INFO - 84% done
2025-12-02 12:52:24,970 - sunrasterscan - INFO - 85% done
2025-12-02 12:52:32,984 - sunrasterscan - INFO - 86% done
2025-12-02 12:52:41,000 - sunrasterscan - INFO - 87% done
2025-12-02 12:52:49,017 - sunrasterscan - INFO - 87% done
2025-12-02 12:52:57,035 - sunrasterscan - INFO - 88% done
2025-12-02 12:53:05,052 - sunrasterscan - INFO - 89% done
2025-12-02 12:53:13,068 - sunrasterscan - INFO - 90% done
2025-12-02 12:53:21,084 - sunrasterscan - INFO - 91% done
2025-12-02 12:53:29,102 - sunrasterscan - INFO - 92% done
2025-12-02 12:53:37,119 - sunrasterscan - INFO - 93% done
2025-12-02 12:53:45,132 - sunrasterscan - INFO - 94% done
2025-12-02 12:53:53,149 - sunrasterscan - INFO - 95% done
2025-12-02 12:54:01,164 - sunrasterscan - INFO - 96% done
2025-12-02 12:54:09,182 - sunrasterscan - INFO - 97% done
2025-12-02 12:54:17,201 - sunrasterscan - INFO - 97% done
2025-12-02 12:54:25,219 - sunrasterscan - INFO - 98% done
2025-12-02 12:54:33,237 - sunrasterscan - INFO - 99% done
2025-12-02 12:54:34,238 - sunrasterscan - INFO - Finished coarse sun scan
2025-12-02 12:54:34,239 - sunrasterscan - INFO - Closing tracker
2025-12-02 12:54:34,244 - sunrasterscan - INFO - Serial connection closed.
2025-12-02 12:54:34,245 - sunrasterscan - INFO - ========================
2025-12-02 12:56:09,330 - sunrasterscan - INFO - ========================
2025-12-02 12:56:09,330 - sunrasterscan - INFO - Starting coarse sun scan
2025-12-02 12:56:09,330 - sunrasterscan - INFO - Azi sun: 204.7579244482568 deg
2025-12-02 12:56:09,330 - sunrasterscan - INFO - Ele sun: 17.9950656892203 deg
2025-12-02 12:56:09,330 - sunrasterscan - INFO - Azi scan range: (199.7579244482568, 209.7579244482568) deg
2025-12-02 12:56:09,330 - sunrasterscan - INFO - Ele scan range: (12.9950656892203, 22.9950656892203) deg
2025-12-02 12:56:09,330 - sunrasterscan - INFO - Nb sampling points: 441
2025-12-02 12:56:09,331 - sunrasterscan - INFO - Estimated scan time:  14.700 min
2025-12-02 12:56:10,333 - sunrasterscan - INFO - 0% done
2025-12-02 12:56:18,359 - sunrasterscan - INFO - 0% done
2025-12-02 12:56:26,376 - sunrasterscan - INFO - 1% done
2025-12-02 12:56:34,391 - sunrasterscan - INFO - 2% done
2025-12-02 12:56:42,408 - sunrasterscan - INFO - 3% done
2025-12-02 12:56:50,424 - sunrasterscan - INFO - 4% done
2025-12-02 12:56:58,439 - sunrasterscan - INFO - 5% done
2025-12-02 12:57:06,454 - sunrasterscan - INFO - 6% done
2025-12-02 12:57:14,470 - sunrasterscan - INFO - 7% done
2025-12-02 12:57:22,487 - sunrasterscan - INFO - 8% done
2025-12-02 12:57:30,504 - sunrasterscan - INFO - 9% done
2025-12-02 12:57:38,520 - sunrasterscan - INFO - 9% done
2025-12-02 12:57:46,540 - sunrasterscan - INFO - 10% done
2025-12-02 12:57:54,556 - sunrasterscan - INFO - 11% done
2025-12-02 12:58:02,570 - sunrasterscan - INFO - 12% done
2025-12-02 12:58:10,584 - sunrasterscan - INFO - 13% done
2025-12-02 12:58:18,600 - sunrasterscan - INFO - 14% done
2025-12-02 12:58:26,616 - sunrasterscan - INFO - 15% done
2025-12-02 12:58:34,633 - sunrasterscan - INFO - 16% done
2025-12-02 12:58:42,648 - sunrasterscan - INFO - 17% done
2025-12-02 12:58:50,662 - sunrasterscan - INFO - 18% done
2025-12-02 12:58:58,674 - sunrasterscan - INFO - 19% done
2025-12-02 12:59:06,691 - sunrasterscan - INFO - 19% done
2025-12-02 12:59:14,707 - sunrasterscan - INFO - 20% done
2025-12-02 12:59:22,722 - sunrasterscan - INFO - 21% done
2025-12-02 12:59:30,737 - sunrasterscan - INFO - 22% done
2025-12-02 12:59:38,753 - sunrasterscan - INFO - 23% done
2025-12-02 12:59:46,768 - sunrasterscan - INFO - 24% done
2025-12-02 12:59:54,782 - sunrasterscan - INFO - 25% done
2025-12-02 13:00:02,796 - sunrasterscan - INFO - 26% done
2025-12-02 13:00:10,814 - sunrasterscan - INFO - 27% done
2025-12-02 13:00:18,829 - sunrasterscan - INFO - 28% done
2025-12-02 13:00:26,843 - sunrasterscan - INFO - 29% done
2025-12-02 13:00:34,857 - sunrasterscan - INFO - 29% done
2025-12-02 13:00:42,872 - sunrasterscan - INFO - 30% done
2025-12-02 13:00:50,889 - sunrasterscan - INFO - 31% done
2025-12-02 13:00:58,902 - sunrasterscan - INFO - 32% done
2025-12-02 13:01:06,916 - sunrasterscan - INFO - 33% done
2025-12-02 13:01:14,932 - sunrasterscan - INFO - 34% done
2025-12-02 13:01:22,951 - sunrasterscan - INFO - 35% done
2025-12-02 13:01:30,968 - sunrasterscan - INFO - 36% done
2025-12-02 13:01:38,984 - sunrasterscan - INFO - 37% done
2025-12-02 13:01:46,999 - sunrasterscan - INFO - 38% done
2025-12-02 13:01:55,016 - sunrasterscan - INFO - 39% done
2025-12-02 13:02:03,029 - sunrasterscan - INFO - 39% done
2025-12-02 13:02:11,047 - sunrasterscan - INFO - 40% done
2025-12-02 13:02:19,066 - sunrasterscan - INFO - 41% done
2025-12-02 13:02:27,083 - sunrasterscan - INFO - 42% done
2025-12-02 13:02:35,099 - sunrasterscan - INFO - 43% done
2025-12-02 13:02:43,116 - sunrasterscan - INFO - 44% done
2025-12-02 13:02:51,133 - sunrasterscan - INFO - 45% done
2025-12-02 13:02:59,148 - sunrasterscan - INFO - 46% done
2025-12-02 13:03:07,164 - sunrasterscan - INFO - 47% done
2025-12-02 13:03:15,179 - sunrasterscan - INFO - 48% done
2025-12-02 13:03:23,195 - sunrasterscan - INFO - 48% done
2025-12-02 13:03:31,212 - sunrasterscan - INFO - 49% done
2025-12-02 13:03:39,228 - sunrasterscan - INFO - 50% done
2025-12-02 13:03:47,243 - sunrasterscan - INFO - 51% done
2025-12-02 13:03:55,261 - sunrasterscan - INFO - 52% done
2025-12-02 13:04:03,276 - sunrasterscan - INFO - 53% done
2025-12-02 13:04:11,292 - sunrasterscan - INFO - 54% done
2025-12-02 13:04:19,308 - sunrasterscan - INFO - 55% done
2025-12-02 13:04:27,324 - sunrasterscan - INFO - 56% done
2025-12-02 13:04:35,339 - sunrasterscan - INFO - 57% done
2025-12-02 13:04:43,356 - sunrasterscan - INFO - 58% done
2025-12-02 13:04:51,373 - sunrasterscan - INFO - 58% done
2025-12-02 13:04:59,388 - sunrasterscan - INFO - 59% done
2025-12-02 13:05:18,490 - sunrasterscan - INFO - ========================
2025-12-02 13:05:18,490 - sunrasterscan - INFO - Starting coarse sun scan
2025-12-02 13:05:18,491 - sunrasterscan - INFO - Azi sun: 206.861 deg
2025-12-02 13:05:18,491 - sunrasterscan - INFO - Ele sun: 17.305 deg
2025-12-02 13:05:18,491 - sunrasterscan - INFO - Azi scan range: 201.861-211.861 deg
2025-12-02 13:05:18,491 - sunrasterscan - INFO - Ele scan range: 12.305-22.305 deg
2025-12-02 13:05:18,491 - sunrasterscan - INFO - Nb sampling points: 441
2025-12-02 13:05:18,491 - sunrasterscan - INFO - Estimated scan time:  14.700 min
2025-12-02 13:05:19,492 - sunrasterscan - INFO - 0% done
2025-12-02 13:05:27,512 - sunrasterscan - INFO - 0% done
2025-12-02 13:06:06,071 - sunrasterscan - INFO - ========================
2025-12-02 13:06:06,071 - sunrasterscan - INFO - Starting coarse sun scan
2025-12-02 13:06:06,071 - sunrasterscan - INFO - Azi sun: 207.044 deg
2025-12-02 13:06:06,071 - sunrasterscan - INFO - Ele sun: 17.242 deg
2025-12-02 13:06:06,071 - sunrasterscan - INFO - Azi scan range: 202.044-212.044 deg, step = 0.5 deg
2025-12-02 13:06:06,071 - sunrasterscan - INFO - Ele scan range: 12.242-22.242 deg, step = 0.5 deg
2025-12-02 13:06:06,071 - sunrasterscan - INFO - Nb sampling points: 441
2025-12-02 13:06:06,071 - sunrasterscan - INFO - Estimated scan time:  14.700 min
2025-12-02 13:06:07,074 - sunrasterscan - INFO - 0% done
2025-12-02 13:06:15,094 - sunrasterscan - INFO - 0% done
2025-12-02 13:06:23,106 - sunrasterscan - INFO - 1% done
2025-12-02 13:06:31,118 - sunrasterscan - INFO - 2% done
2025-12-02 13:06:39,131 - sunrasterscan - INFO - 3% done
2025-12-02 13:06:47,146 - sunrasterscan - INFO - 4% done
2025-12-02 13:06:55,159 - sunrasterscan - INFO - 5% done
2025-12-02 13:07:03,176 - sunrasterscan - INFO - 6% done
2025-12-02 13:07:11,188 - sunrasterscan - INFO - 7% done
2025-12-02 13:07:19,202 - sunrasterscan - INFO - 8% done
2025-12-02 13:07:27,215 - sunrasterscan - INFO - 9% done
2025-12-02 13:07:35,228 - sunrasterscan - INFO - 9% done
2025-12-02 13:13:32,515 - sunrasterscan - INFO - ========================
2025-12-02 13:13:32,516 - sunrasterscan - INFO - Starting coarse sun scan
2025-12-02 13:13:32,516 - sunrasterscan - INFO - Azi sun: 208.730 deg
2025-12-02 13:13:32,516 - sunrasterscan - INFO - Ele sun: 16.639 deg
2025-12-02 13:13:32,516 - sunrasterscan - INFO - Azi scan range: 203.730-213.730 deg, step = 0.5 deg
2025-12-02 13:13:32,516 - sunrasterscan - INFO - Ele scan range: 11.639-21.639 deg, step = 0.5 deg
2025-12-02 13:13:32,516 - sunrasterscan - INFO - Nb sampling points: 441
2025-12-02 13:13:32,516 - sunrasterscan - INFO - Estimated scan time:  14.700 min
2025-12-02 13:13:33,519 - sunrasterscan - INFO - 0% done
2025-12-02 13:13:41,540 - sunrasterscan - INFO - 0% done
2025-12-02 13:13:49,553 - sunrasterscan - INFO - 1% done
2025-12-02 13:13:57,564 - sunrasterscan - INFO - 2% done
2025-12-02 13:14:05,576 - sunrasterscan - INFO - 3% done
2025-12-02 13:14:13,592 - sunrasterscan - INFO - 4% done
2025-12-02 13:14:21,605 - sunrasterscan - INFO - 5% done
2025-12-02 13:14:29,619 - sunrasterscan - INFO - 6% done
2025-12-02 13:14:37,634 - sunrasterscan - INFO - 7% done
2025-12-02 13:14:45,648 - sunrasterscan - INFO - 8% done
2025-12-02 13:14:53,661 - sunrasterscan - INFO - 9% done
2025-12-02 13:15:01,674 - sunrasterscan - INFO - 9% done
2025-12-02 13:15:09,686 - sunrasterscan - INFO - 10% done
2025-12-02 13:15:17,699 - sunrasterscan - INFO - 11% done
2025-12-02 13:15:25,713 - sunrasterscan - INFO - 12% done
2025-12-02 13:15:33,728 - sunrasterscan - INFO - 13% done
2025-12-02 13:15:41,739 - sunrasterscan - INFO - 14% done
2025-12-02 13:15:49,750 - sunrasterscan - INFO - 15% done
2025-12-02 13:15:57,762 - sunrasterscan - INFO - 16% done
2025-12-02 13:16:05,773 - sunrasterscan - INFO - 17% done
2025-12-02 13:16:13,785 - sunrasterscan - INFO - 18% done
2025-12-02 13:16:21,795 - sunrasterscan - INFO - 19% done
2025-12-02 13:16:29,807 - sunrasterscan - INFO - 19% done
2025-12-02 13:16:37,820 - sunrasterscan - INFO - 20% done
2025-12-02 13:16:45,835 - sunrasterscan - INFO - 21% done
2025-12-02 13:16:53,848 - sunrasterscan - INFO - 22% done
2025-12-02 13:17:01,859 - sunrasterscan - INFO - 23% done
2025-12-02 13:17:09,875 - sunrasterscan - INFO - 24% done
2025-12-02 13:17:17,890 - sunrasterscan - INFO - 25% done
2025-12-02 13:17:25,902 - sunrasterscan - INFO - 26% done
2025-12-02 13:17:33,917 - sunrasterscan - INFO - 27% done
2025-12-02 13:17:41,930 - sunrasterscan - INFO - 28% done
2025-12-02 13:17:49,943 - sunrasterscan - INFO - 29% done
2025-12-02 13:17:57,958 - sunrasterscan - INFO - 29% done
2025-12-02 13:18:05,970 - sunrasterscan - INFO - 30% done
2025-12-02 13:18:13,982 - sunrasterscan - INFO - 31% done
2025-12-02 13:18:21,994 - sunrasterscan - INFO - 32% done
2025-12-02 13:18:30,006 - sunrasterscan - INFO - 33% done
2025-12-02 13:18:38,020 - sunrasterscan - INFO - 34% done
2025-12-02 13:18:46,034 - sunrasterscan - INFO - 35% done
2025-12-02 13:18:54,049 - sunrasterscan - INFO - 36% done
2025-12-02 13:19:02,062 - sunrasterscan - INFO - 37% done
2025-12-02 13:19:10,076 - sunrasterscan - INFO - 38% done
2025-12-02 13:19:18,091 - sunrasterscan - INFO - 39% done
2025-12-02 13:19:26,105 - sunrasterscan - INFO - 39% done
2025-12-02 13:19:34,122 - sunrasterscan - INFO - 40% done
2025-12-02 13:19:42,136 - sunrasterscan - INFO - 41% done
2025-12-02 13:19:50,151 - sunrasterscan - INFO - 42% done
2025-12-02 13:19:58,165 - sunrasterscan - INFO - 43% done
2025-12-02 13:20:06,180 - sunrasterscan - INFO - 44% done
2025-12-02 13:20:14,194 - sunrasterscan - INFO - 45% done
2025-12-02 13:20:22,207 - sunrasterscan - INFO - 46% done
2025-12-02 13:20:30,220 - sunrasterscan - INFO - 47% done
2025-12-02 13:20:38,235 - sunrasterscan - INFO - 48% done
2025-12-02 13:20:46,250 - sunrasterscan - INFO - 48% done
2025-12-02 13:20:54,265 - sunrasterscan - INFO - 49% done
2025-12-02 13:21:02,279 - sunrasterscan - INFO - 50% done
2025-12-02 13:21:10,292 - sunrasterscan - INFO - 51% done
2025-12-02 13:21:18,306 - sunrasterscan - INFO - 52% done
2025-12-02 13:21:26,321 - sunrasterscan - INFO - 53% done
2025-12-02 13:21:34,335 - sunrasterscan - INFO - 54% done
2025-12-02 13:21:42,350 - sunrasterscan - INFO - 55% done
2025-12-02 13:21:50,365 - sunrasterscan - INFO - 56% done
2025-12-02 13:21:58,380 - sunrasterscan - INFO - 57% done
2025-12-02 13:22:06,397 - sunrasterscan - INFO - 58% done
2025-12-02 13:22:14,412 - sunrasterscan - INFO - 58% done
2025-12-02 13:22:22,426 - sunrasterscan - INFO - 59% done
2025-12-02 13:22:30,441 - sunrasterscan - INFO - 60% done
2025-12-02 13:22:38,456 - sunrasterscan - INFO - 61% done
2025-12-02 13:22:46,471 - sunrasterscan - INFO - 62% done
2025-12-02 13:22:54,486 - sunrasterscan - INFO - 63% done
2025-12-02 13:23:02,499 - sunrasterscan - INFO - 64% done
2025-12-02 13:23:10,514 - sunrasterscan - INFO - 65% done
2025-12-02 13:23:18,528 - sunrasterscan - INFO - 66% done
2025-12-02 13:23:26,540 - sunrasterscan - INFO - 67% done
2025-12-02 13:23:34,551 - sunrasterscan - INFO - 68% done
2025-12-02 13:23:42,564 - sunrasterscan - INFO - 68% done
2025-12-02 13:23:50,577 - sunrasterscan - INFO - 69% done
2025-12-02 13:23:58,591 - sunrasterscan - INFO - 70% done
2025-12-02 13:24:06,602 - sunrasterscan - INFO - 71% done
2025-12-02 13:24:14,614 - sunrasterscan - INFO - 72% done
2025-12-02 13:24:22,626 - sunrasterscan - INFO - 73% done
2025-12-02 13:24:30,644 - sunrasterscan - INFO - 74% done
2025-12-02 13:24:38,660 - sunrasterscan - INFO - 75% done
2025-12-02 13:24:46,676 - sunrasterscan - INFO - 76% done
2025-12-02 13:24:54,690 - sunrasterscan - INFO - 77% done
2025-12-02 13:25:02,703 - sunrasterscan - INFO - 78% done
2025-12-02 13:25:10,714 - sunrasterscan - INFO - 78% done
2025-12-02 13:25:18,729 - sunrasterscan - INFO - 79% done
2025-12-02 13:25:26,743 - sunrasterscan - INFO - 80% done
2025-12-02 13:25:34,759 - sunrasterscan - INFO - 81% done
2025-12-02 13:25:42,768 - sunrasterscan - INFO - 82% done
2025-12-02 13:25:50,784 - sunrasterscan - INFO - 83% done
2025-12-02 13:25:58,799 - sunrasterscan - INFO - 84% done
2025-12-02 13:26:06,814 - sunrasterscan - INFO - 85% done
2025-12-02 13:26:14,829 - sunrasterscan - INFO - 86% done
2025-12-02 13:26:22,845 - sunrasterscan - INFO - 87% done
2025-12-02 13:26:30,860 - sunrasterscan - INFO - 87% done
2025-12-02 13:26:38,872 - sunrasterscan - INFO - 88% done
2025-12-02 13:26:46,886 - sunrasterscan - INFO - 89% done
2025-12-02 13:26:54,900 - sunrasterscan - INFO - 90% done
2025-12-02 13:27:02,914 - sunrasterscan - INFO - 91% done
2025-12-02 13:27:10,926 - sunrasterscan - INFO - 92% done
2025-12-02 13:27:18,939 - sunrasterscan - INFO - 93% done
2025-12-02 13:27:26,953 - sunrasterscan - INFO - 94% done
2025-12-02 13:27:34,969 - sunrasterscan - INFO - 95% done
2025-12-02 13:27:42,980 - sunrasterscan - INFO - 96% done
2025-12-02 13:27:50,994 - sunrasterscan - INFO - 97% done
2025-12-02 13:27:59,007 - sunrasterscan - INFO - 97% done
2025-12-02 13:28:07,021 - sunrasterscan - INFO - 98% done
2025-12-02 13:28:15,037 - sunrasterscan - INFO - 99% done
2025-12-02 13:28:16,038 - sunrasterscan - INFO - Finished coarse sun scan
2025-12-02 13:28:16,039 - sunrasterscan - INFO - Closing tracker
2025-12-02 13:28:16,044 - sunrasterscan - INFO - Serial connection closed.
2025-12-02 13:28:16,045 - sunrasterscan - INFO - ========================
