2025-12-01 14:22:01,851 - sunrasterscan - INFO - ========================
2025-12-01 14:22:01,851 - sunrasterscan - INFO - Starting coarse sun scan
2025-12-01 14:22:01,852 - sunrasterscan - INFO - Azi range: (213.51598715456464, 233.51598715456464)
2025-12-01 14:22:01,852 - sunrasterscan - INFO - Ele range: (-0.26427823914144355, 19.735721760858556)
2025-12-01 14:22:01,852 - sunrasterscan - INFO - Nb sampling points: 1681
2025-12-01 14:22:01,852 - sunrasterscan - INFO - Estimated scan time:  21.012 min
2025-12-01 14:22:02,106 - sunrasterscan - INFO - 0% done
2025-12-01 14:22:38,469 - sunrasterscan - INFO - ========================
2025-12-01 14:22:38,471 - sunrasterscan - INFO - Starting coarse sun scan
2025-12-01 14:22:38,471 - sunrasterscan - INFO - Azi range: (213.64036489935057, 233.64036489935057)
2025-12-01 14:22:38,472 - sunrasterscan - INFO - Ele range: (-0.33790767839418123, 19.66209232160582)
2025-12-01 14:22:38,472 - sunrasterscan - INFO - Nb sampling points: 1681
2025-12-01 14:22:38,472 - sunrasterscan - INFO - Estimated scan time:  21.012 min
2025-12-01 14:22:38,726 - sunrasterscan - INFO - 0% done
2025-12-01 14:22:50,783 - sunrasterscan - INFO - 0% done
2025-12-01 14:23:23,978 - sunrasterscan - INFO - ========================
2025-12-01 14:23:23,979 - sunrasterscan - INFO - Starting coarse sun scan
2025-12-01 14:23:23,979 - sunrasterscan - INFO - Azi range: (213.79144868379126, 233.79144868379126)
2025-12-01 14:23:23,979 - sunrasterscan - INFO - Ele range: (-0.4276819772975369, 19.57231802270246)
2025-12-01 14:23:23,979 - sunrasterscan - INFO - Nb sampling points: 1681
2025-12-01 14:23:23,979 - sunrasterscan - INFO - Estimated scan time:  21.012 min
2025-12-01 14:23:24,232 - sunrasterscan - INFO - 0% done
2025-12-01 14:23:36,293 - sunrasterscan - INFO - 0% done
2025-12-01 14:23:48,341 - sunrasterscan - INFO - 1% done
2025-12-01 14:24:00,391 - sunrasterscan - INFO - 2% done
2025-12-01 14:24:12,441 - sunrasterscan - INFO - 3% done
2025-12-01 14:24:24,490 - sunrasterscan - INFO - 4% done
2025-12-01 14:24:36,537 - sunrasterscan - INFO - 5% done
2025-12-01 14:24:48,586 - sunrasterscan - INFO - 6% done
2025-12-01 14:25:20,412 - sunrasterscan - INFO - ========================
2025-12-01 14:25:20,413 - sunrasterscan - INFO - Starting coarse sun scan
2025-12-01 14:25:20,413 - sunrasterscan - INFO - Azi range: (214.18339225912328, 234.18339225912328)
2025-12-01 14:25:20,413 - sunrasterscan - INFO - Ele range: (-0.6622486026423449, 19.337751397357657)
2025-12-01 14:25:20,413 - sunrasterscan - INFO - Nb sampling points: 1681
2025-12-01 14:25:20,413 - sunrasterscan - INFO - Estimated scan time:  21.012 min
2025-12-01 14:25:20,666 - sunrasterscan - INFO - 0% done
2025-12-01 14:25:32,724 - sunrasterscan - INFO - 0% done
2025-12-01 14:25:44,783 - sunrasterscan - INFO - 1% done
2025-12-01 14:25:56,832 - sunrasterscan - INFO - 2% done
2025-12-01 14:26:08,879 - sunrasterscan - INFO - 3% done
2025-12-01 14:26:20,930 - sunrasterscan - INFO - 4% done
2025-12-01 14:26:32,977 - sunrasterscan - INFO - 5% done
2025-12-01 14:26:45,026 - sunrasterscan - INFO - 6% done
2025-12-01 14:29:20,219 - sunrasterscan - INFO - ========================
2025-12-01 14:29:20,219 - sunrasterscan - INFO - Starting coarse sun scan
2025-12-01 14:29:20,219 - sunrasterscan - INFO - Azi range: (214.93685774722405, 234.93685774722405)
2025-12-01 14:29:20,219 - sunrasterscan - INFO - Ele range: (-1.1200070270429539, 18.879992972957048)
2025-12-01 14:29:20,219 - sunrasterscan - INFO - Nb sampling points: 1681
2025-12-01 14:29:20,219 - sunrasterscan - INFO - Estimated scan time:  21.012 min
2025-12-01 14:29:20,471 - sunrasterscan - INFO - 0% done
2025-12-01 14:29:32,530 - sunrasterscan - INFO - 0% done
2025-12-01 14:30:20,513 - sunrasterscan - ERROR - Problem communicating with tracker!
2025-12-01 14:30:20,513 - sunrasterscan - ERROR - could not open port 'COM4': PermissionError(13, 'Access is denied.', None, 5)
2025-12-01 14:32:13,195 - sunrasterscan - ERROR - Problem communicating with tracker!
2025-12-01 14:32:13,195 - sunrasterscan - ERROR - could not open port 'COM4': PermissionError(13, 'Access is denied.', None, 5)
2025-12-01 14:32:19,071 - sunrasterscan - ERROR - Problem communicating with tracker!
2025-12-01 14:32:19,071 - sunrasterscan - ERROR - could not open port 'COM4': PermissionError(13, 'Access is denied.', None, 5)
2025-12-01 14:32:25,617 - sunrasterscan - ERROR - Problem communicating with tracker!
2025-12-01 14:32:25,617 - sunrasterscan - ERROR - could not open port 'COM4': PermissionError(13, 'Access is denied.', None, 5)
2025-12-01 14:33:25,561 - sunrasterscan - INFO - Serial connection closed.
2025-12-01 14:42:48,617 - sunrasterscan - INFO - ========================
2025-12-01 14:42:48,617 - sunrasterscan - INFO - Starting coarse sun scan
2025-12-01 14:42:48,617 - sunrasterscan - INFO - Azi range: (217.6376784695872, 237.6376784695872)
2025-12-01 14:42:48,617 - sunrasterscan - INFO - Ele range: (-2.83507777291691, 17.16492222708309)
2025-12-01 14:42:48,617 - sunrasterscan - INFO - Nb sampling points: 1681
2025-12-01 14:42:48,617 - sunrasterscan - INFO - Estimated scan time:  21.012 min
2025-12-01 14:42:48,870 - sunrasterscan - INFO - 0% done
2025-12-01 14:43:00,919 - sunrasterscan - INFO - 0% done
2025-12-01 14:43:12,965 - sunrasterscan - INFO - 1% done
2025-12-01 14:43:25,013 - sunrasterscan - INFO - 2% done
2025-12-01 14:43:37,062 - sunrasterscan - INFO - 3% done
2025-12-01 14:43:49,115 - sunrasterscan - INFO - 4% done
2025-12-01 14:44:01,169 - sunrasterscan - INFO - 5% done
2025-12-01 14:44:13,218 - sunrasterscan - INFO - 6% done
2025-12-01 14:44:25,273 - sunrasterscan - INFO - 7% done
2025-12-01 14:44:37,324 - sunrasterscan - INFO - 8% done
2025-12-01 14:44:49,376 - sunrasterscan - INFO - 9% done
2025-12-01 14:45:01,424 - sunrasterscan - INFO - 10% done
2025-12-01 14:45:13,472 - sunrasterscan - INFO - 11% done
2025-12-01 14:45:25,521 - sunrasterscan - INFO - 12% done
2025-12-01 14:45:37,573 - sunrasterscan - INFO - 13% done
2025-12-01 14:45:49,629 - sunrasterscan - INFO - 14% done
2025-12-01 14:46:01,676 - sunrasterscan - INFO - 15% done
2025-12-01 14:46:13,736 - sunrasterscan - INFO - 16% done
2025-12-01 14:46:25,789 - sunrasterscan - INFO - 17% done
2025-12-01 14:46:37,839 - sunrasterscan - INFO - 18% done
2025-12-01 14:46:49,905 - sunrasterscan - INFO - 19% done
2025-12-01 14:47:01,956 - sunrasterscan - INFO - 19% done
2025-12-01 14:47:14,008 - sunrasterscan - INFO - 20% done
2025-12-01 14:47:26,060 - sunrasterscan - INFO - 21% done
2025-12-01 14:47:38,123 - sunrasterscan - INFO - 22% done
2025-12-01 14:47:50,174 - sunrasterscan - INFO - 23% done
2025-12-01 14:48:02,227 - sunrasterscan - INFO - 24% done
2025-12-01 14:48:14,278 - sunrasterscan - INFO - 25% done
2025-12-01 14:48:26,328 - sunrasterscan - INFO - 26% done
2025-12-01 14:48:38,385 - sunrasterscan - INFO - 27% done
2025-12-01 14:48:50,432 - sunrasterscan - INFO - 28% done
2025-12-01 14:49:02,492 - sunrasterscan - INFO - 29% done
2025-12-01 14:49:14,543 - sunrasterscan - INFO - 30% done
2025-12-01 14:49:26,600 - sunrasterscan - INFO - 31% done
2025-12-01 14:49:38,661 - sunrasterscan - INFO - 32% done
2025-12-01 14:49:50,720 - sunrasterscan - INFO - 33% done
2025-12-01 14:50:02,779 - sunrasterscan - INFO - 34% done
2025-12-01 14:50:14,840 - sunrasterscan - INFO - 35% done
2025-12-01 14:50:26,900 - sunrasterscan - INFO - 36% done
2025-12-01 14:50:38,954 - sunrasterscan - INFO - 37% done
2025-12-01 14:50:51,012 - sunrasterscan - INFO - 38% done
2025-12-01 14:51:03,071 - sunrasterscan - INFO - 39% done
2025-12-01 14:51:15,127 - sunrasterscan - INFO - 39% done
2025-12-01 14:51:27,191 - sunrasterscan - INFO - 40% done
2025-12-01 14:51:39,251 - sunrasterscan - INFO - 41% done
2025-12-01 14:51:51,307 - sunrasterscan - INFO - 42% done
2025-12-01 14:52:03,367 - sunrasterscan - INFO - 43% done
2025-12-01 14:52:15,426 - sunrasterscan - INFO - 44% done
2025-12-01 14:52:27,480 - sunrasterscan - INFO - 45% done
2025-12-01 14:52:39,539 - sunrasterscan - INFO - 46% done
2025-12-01 14:52:51,600 - sunrasterscan - INFO - 47% done
2025-12-01 14:53:03,661 - sunrasterscan - INFO - 48% done
2025-12-01 14:53:15,720 - sunrasterscan - INFO - 49% done
2025-12-01 14:53:27,780 - sunrasterscan - INFO - 50% done
2025-12-01 14:53:39,837 - sunrasterscan - INFO - 51% done
2025-12-01 14:53:51,898 - sunrasterscan - INFO - 52% done
2025-12-01 14:54:03,952 - sunrasterscan - INFO - 53% done
2025-12-01 14:54:16,018 - sunrasterscan - INFO - 54% done
2025-12-01 14:54:28,076 - sunrasterscan - INFO - 55% done
2025-12-01 14:54:40,133 - sunrasterscan - INFO - 56% done
2025-12-01 14:54:52,192 - sunrasterscan - INFO - 57% done
2025-12-01 14:55:04,254 - sunrasterscan - INFO - 58% done
2025-12-01 14:55:16,313 - sunrasterscan - INFO - 59% done
2025-12-01 14:55:28,370 - sunrasterscan - INFO - 59% done
2025-12-01 14:55:40,429 - sunrasterscan - INFO - 60% done
2025-12-01 14:55:52,487 - sunrasterscan - INFO - 61% done
2025-12-01 14:56:04,547 - sunrasterscan - INFO - 62% done
2025-12-01 14:56:16,606 - sunrasterscan - INFO - 63% done
2025-12-01 14:56:28,669 - sunrasterscan - INFO - 64% done
2025-12-01 14:56:40,724 - sunrasterscan - INFO - 65% done
2025-12-01 14:56:52,784 - sunrasterscan - INFO - 66% done
2025-12-01 14:57:04,846 - sunrasterscan - INFO - 67% done
2025-12-01 14:57:16,906 - sunrasterscan - INFO - 68% done
2025-12-01 14:57:28,974 - sunrasterscan - INFO - 69% done
2025-12-01 14:57:41,033 - sunrasterscan - INFO - 70% done
2025-12-01 14:57:53,090 - sunrasterscan - INFO - 71% done
2025-12-01 14:58:05,149 - sunrasterscan - INFO - 72% done
2025-12-01 14:58:17,211 - sunrasterscan - INFO - 73% done
2025-12-01 14:58:29,268 - sunrasterscan - INFO - 74% done
2025-12-01 14:58:41,329 - sunrasterscan - INFO - 75% done
2025-12-01 14:58:53,387 - sunrasterscan - INFO - 76% done
2025-12-01 14:59:05,454 - sunrasterscan - INFO - 77% done
2025-12-01 14:59:17,509 - sunrasterscan - INFO - 78% done
2025-12-01 14:59:29,570 - sunrasterscan - INFO - 79% done
2025-12-01 14:59:41,629 - sunrasterscan - INFO - 79% done
2025-12-01 14:59:53,687 - sunrasterscan - INFO - 80% done
2025-12-01 15:00:05,751 - sunrasterscan - INFO - 81% done
2025-12-01 15:00:17,809 - sunrasterscan - INFO - 82% done
2025-12-01 15:00:29,869 - sunrasterscan - INFO - 83% done
2025-12-01 15:00:41,929 - sunrasterscan - INFO - 84% done
2025-12-01 15:00:53,987 - sunrasterscan - INFO - 85% done
2025-12-01 15:01:06,046 - sunrasterscan - INFO - 86% done
2025-12-01 15:01:18,110 - sunrasterscan - INFO - 87% done
2025-12-01 15:01:30,166 - sunrasterscan - INFO - 88% done
2025-12-01 15:01:42,226 - sunrasterscan - INFO - 89% done
2025-12-01 15:01:54,285 - sunrasterscan - INFO - 90% done
2025-12-01 15:02:06,346 - sunrasterscan - INFO - 91% done
2025-12-01 15:02:18,413 - sunrasterscan - INFO - 92% done
2025-12-01 15:02:30,469 - sunrasterscan - INFO - 93% done
2025-12-01 15:02:42,529 - sunrasterscan - INFO - 94% done
2025-12-01 15:02:54,590 - sunrasterscan - INFO - 95% done
2025-12-01 15:03:06,651 - sunrasterscan - INFO - 96% done
2025-12-01 15:03:18,714 - sunrasterscan - INFO - 97% done
2025-12-01 15:03:30,769 - sunrasterscan - INFO - 98% done
2025-12-01 15:03:42,828 - sunrasterscan - INFO - 98% done
2025-12-01 15:03:54,885 - sunrasterscan - INFO - 99% done
2025-12-01 15:03:55,387 - sunrasterscan - INFO - Finished coarse sun scan
2025-12-01 15:03:55,388 - sunrasterscan - INFO - Closing tracker
2025-12-01 15:03:55,393 - sunrasterscan - INFO - Serial connection closed.
2025-12-01 15:03:55,394 - sunrasterscan - INFO - ========================
2025-12-01 15:40:53,182 - sunrasterscan - INFO - ========================
2025-12-01 15:40:53,182 - sunrasterscan - INFO - Starting coarse sun scan
2025-12-01 15:40:53,182 - sunrasterscan - INFO - Azi range: (228.46679313448067, 248.46679313448067)
2025-12-01 15:40:53,182 - sunrasterscan - INFO - Ele range: (-10.868852782948277, 9.131147217051723)
2025-12-01 15:40:53,182 - sunrasterscan - INFO - Nb sampling points: 1681
2025-12-01 15:40:53,182 - sunrasterscan - INFO - Estimated scan time:  21.012 min
2025-12-01 15:40:53,434 - sunrasterscan - INFO - 0% done
2025-12-01 15:41:05,497 - sunrasterscan - INFO - 0% done
2025-12-01 15:41:17,554 - sunrasterscan - INFO - 1% done
2025-12-01 15:41:29,608 - sunrasterscan - INFO - 2% done
2025-12-01 15:41:41,661 - sunrasterscan - INFO - 3% done
2025-12-01 15:41:53,715 - sunrasterscan - INFO - 4% done
2025-12-01 15:42:05,771 - sunrasterscan - INFO - 5% done
2025-12-01 15:42:17,823 - sunrasterscan - INFO - 6% done
2025-12-01 15:42:29,879 - sunrasterscan - INFO - 7% done
2025-12-01 15:42:41,932 - sunrasterscan - INFO - 8% done
2025-12-01 15:42:53,989 - sunrasterscan - INFO - 9% done
2025-12-01 15:43:06,041 - sunrasterscan - INFO - 10% done
2025-12-01 15:43:18,093 - sunrasterscan - INFO - 11% done
2025-12-01 15:43:30,159 - sunrasterscan - INFO - 12% done
2025-12-01 15:43:42,211 - sunrasterscan - INFO - 13% done
2025-12-01 15:43:54,266 - sunrasterscan - INFO - 14% done
2025-12-01 15:44:06,340 - sunrasterscan - INFO - 15% done
2025-12-01 15:44:18,394 - sunrasterscan - INFO - 16% done
2025-12-01 15:44:30,444 - sunrasterscan - INFO - 17% done
2025-12-01 15:44:42,494 - sunrasterscan - INFO - 18% done
2025-12-01 15:44:54,546 - sunrasterscan - INFO - 19% done
2025-12-01 15:45:06,597 - sunrasterscan - INFO - 19% done
2025-12-01 15:45:18,654 - sunrasterscan - INFO - 20% done
2025-12-01 15:45:30,706 - sunrasterscan - INFO - 21% done
2025-12-01 15:45:42,758 - sunrasterscan - INFO - 22% done
2025-12-01 15:45:54,816 - sunrasterscan - INFO - 23% done
2025-12-01 15:46:06,867 - sunrasterscan - INFO - 24% done
2025-12-01 15:46:18,920 - sunrasterscan - INFO - 25% done
2025-12-01 15:46:30,982 - sunrasterscan - INFO - 26% done
2025-12-01 15:46:43,033 - sunrasterscan - INFO - 27% done
2025-12-01 15:46:55,089 - sunrasterscan - INFO - 28% done
2025-12-01 15:47:07,142 - sunrasterscan - INFO - 29% done
2025-12-01 15:47:19,207 - sunrasterscan - INFO - 30% done
2025-12-01 15:47:31,260 - sunrasterscan - INFO - 31% done
2025-12-01 15:47:43,311 - sunrasterscan - INFO - 32% done
2025-12-01 15:47:55,361 - sunrasterscan - INFO - 33% done
2025-12-01 15:48:07,416 - sunrasterscan - INFO - 34% done
2025-12-01 15:48:19,470 - sunrasterscan - INFO - 35% done
2025-12-01 15:48:31,525 - sunrasterscan - INFO - 36% done
2025-12-01 15:48:43,579 - sunrasterscan - INFO - 37% done
2025-12-01 15:48:55,633 - sunrasterscan - INFO - 38% done
2025-12-01 15:49:07,681 - sunrasterscan - INFO - 39% done
2025-12-01 15:49:19,739 - sunrasterscan - INFO - 39% done
2025-12-01 15:49:31,791 - sunrasterscan - INFO - 40% done
2025-12-01 15:49:43,846 - sunrasterscan - INFO - 41% done
2025-12-01 15:49:55,899 - sunrasterscan - INFO - 42% done
2025-12-01 15:50:07,951 - sunrasterscan - INFO - 43% done
2025-12-01 15:50:20,006 - sunrasterscan - INFO - 44% done
2025-12-01 15:50:32,058 - sunrasterscan - INFO - 45% done
2025-12-01 15:50:44,116 - sunrasterscan - INFO - 46% done
2025-12-01 15:50:56,175 - sunrasterscan - INFO - 47% done
2025-12-01 15:51:08,231 - sunrasterscan - INFO - 48% done
2025-12-01 15:51:20,290 - sunrasterscan - INFO - 49% done
2025-12-01 15:51:32,348 - sunrasterscan - INFO - 50% done
2025-12-01 15:51:44,404 - sunrasterscan - INFO - 51% done
2025-12-01 15:51:56,464 - sunrasterscan - INFO - 52% done
2025-12-01 15:52:08,526 - sunrasterscan - INFO - 53% done
2025-12-01 15:52:20,581 - sunrasterscan - INFO - 54% done
2025-12-01 15:52:32,640 - sunrasterscan - INFO - 55% done
2025-12-01 15:52:44,701 - sunrasterscan - INFO - 56% done
2025-12-01 15:52:56,754 - sunrasterscan - INFO - 57% done
2025-12-01 15:53:08,813 - sunrasterscan - INFO - 58% done
2025-12-01 15:53:20,869 - sunrasterscan - INFO - 59% done
2025-12-01 15:53:32,927 - sunrasterscan - INFO - 59% done
2025-12-01 15:53:44,989 - sunrasterscan - INFO - 60% done
2025-12-01 15:53:57,053 - sunrasterscan - INFO - 61% done
2025-12-01 15:54:09,108 - sunrasterscan - INFO - 62% done
2025-12-01 15:54:21,170 - sunrasterscan - INFO - 63% done
2025-12-01 15:54:33,231 - sunrasterscan - INFO - 64% done
2025-12-01 15:54:45,292 - sunrasterscan - INFO - 65% done
2025-12-01 15:54:57,352 - sunrasterscan - INFO - 66% done
2025-12-01 15:55:09,413 - sunrasterscan - INFO - 67% done
2025-12-01 15:55:21,473 - sunrasterscan - INFO - 68% done
2025-12-01 15:55:33,535 - sunrasterscan - INFO - 69% done
2025-12-01 15:55:45,597 - sunrasterscan - INFO - 70% done
2025-12-01 15:55:57,659 - sunrasterscan - INFO - 71% done
2025-12-01 15:56:09,720 - sunrasterscan - INFO - 72% done
2025-12-01 15:56:21,781 - sunrasterscan - INFO - 73% done
2025-12-01 15:56:33,845 - sunrasterscan - INFO - 74% done
2025-12-01 15:56:45,907 - sunrasterscan - INFO - 75% done
2025-12-01 15:56:57,970 - sunrasterscan - INFO - 76% done
2025-12-01 15:57:10,034 - sunrasterscan - INFO - 77% done
2025-12-01 15:57:22,094 - sunrasterscan - INFO - 78% done
2025-12-01 15:57:34,153 - sunrasterscan - INFO - 79% done
2025-12-01 15:57:46,216 - sunrasterscan - INFO - 79% done
2025-12-01 15:57:58,282 - sunrasterscan - INFO - 80% done
2025-12-01 15:58:10,344 - sunrasterscan - INFO - 81% done
2025-12-01 15:58:22,400 - sunrasterscan - INFO - 82% done
2025-12-01 15:58:34,461 - sunrasterscan - INFO - 83% done
2025-12-01 15:58:46,522 - sunrasterscan - INFO - 84% done
2025-12-01 15:58:58,585 - sunrasterscan - INFO - 85% done
2025-12-01 15:59:10,645 - sunrasterscan - INFO - 86% done
2025-12-01 15:59:22,705 - sunrasterscan - INFO - 87% done
2025-12-01 15:59:34,771 - sunrasterscan - INFO - 88% done
2025-12-01 15:59:46,832 - sunrasterscan - INFO - 89% done
2025-12-01 15:59:58,893 - sunrasterscan - INFO - 90% done
2025-12-01 16:00:10,955 - sunrasterscan - INFO - 91% done
2025-12-01 16:00:23,017 - sunrasterscan - INFO - 92% done
2025-12-01 16:00:35,077 - sunrasterscan - INFO - 93% done
2025-12-01 16:00:47,136 - sunrasterscan - INFO - 94% done
2025-12-01 16:00:59,204 - sunrasterscan - INFO - 95% done
2025-12-01 16:01:11,262 - sunrasterscan - INFO - 96% done
2025-12-01 16:01:23,320 - sunrasterscan - INFO - 97% done
2025-12-01 16:01:35,380 - sunrasterscan - INFO - 98% done
2025-12-01 16:01:47,443 - sunrasterscan - INFO - 98% done
2025-12-01 16:01:59,501 - sunrasterscan - INFO - 99% done
2025-12-01 16:02:00,002 - sunrasterscan - INFO - Finished coarse sun scan
2025-12-01 16:02:00,002 - sunrasterscan - INFO - Closing tracker
2025-12-01 16:02:00,008 - sunrasterscan - INFO - Serial connection closed.
2025-12-01 16:02:00,010 - sunrasterscan - INFO - ========================
